<!DOCTYPE html>
        <html>
        <head>
            <meta charset="UTF-8">
            <title>Try the deb live in a VM</title>
            <style>
/* From extension vscode.github */
/*---------------------------------------------------------------------------------------------
 *  Copyright (c) Microsoft Corporation. All rights reserved.
 *  Licensed under the MIT License. See License.txt in the project root for license information.
 *--------------------------------------------------------------------------------------------*/

.vscode-dark img[src$=\#gh-light-mode-only],
.vscode-light img[src$=\#gh-dark-mode-only],
.vscode-high-contrast:not(.vscode-high-contrast-light) img[src$=\#gh-light-mode-only],
.vscode-high-contrast-light img[src$=\#gh-dark-mode-only] {
	display: none;
}

/* From extension bierner.markdown-checkbox */
.contains-task-list {
    padding-left: 0;
}

.contains-task-list li {
    margin-left: 24px;
}

.contains-task-list .task-list-item {
    list-style: none;
    padding-left: 0;
    margin-left: 0;
}

.contains-task-list .contains-task-list {
    padding-left: 20px;
} 
</style>
            
        <link rel="stylesheet" href="https://cdn.jsdelivr.net/gh/Microsoft/vscode/extensions/markdown-language-features/media/markdown.css">
<link rel="stylesheet" href="https://cdn.jsdelivr.net/gh/Microsoft/vscode/extensions/markdown-language-features/media/highlight.css">
<style>
            body {
                font-family: -apple-system, BlinkMacSystemFont, 'Segoe WPC', 'Segoe UI', system-ui, 'Ubuntu', 'Droid Sans', sans-serif;
                font-size: 14px;
                line-height: 1.6;
            }
        </style>
        <style>
.task-list-item {
    list-style-type: none;
}

.task-list-item-checkbox {
    margin-left: -20px;
    vertical-align: middle;
    pointer-events: none;
}
</style>
<style>
:root {
  --color-note: #0969da;
  --color-tip: #1a7f37;
  --color-warning: #9a6700;
  --color-severe: #bc4c00;
  --color-caution: #d1242f;
  --color-important: #8250df;
}

</style>
<style>
@media (prefers-color-scheme: dark) {
  :root {
    --color-note: #2f81f7;
    --color-tip: #3fb950;
    --color-warning: #d29922;
    --color-severe: #db6d28;
    --color-caution: #f85149;
    --color-important: #a371f7;
  }
}

</style>
<style>
.markdown-alert {
  padding: 0.5rem 1rem;
  margin-bottom: 16px;
  color: inherit;
  border-left: .25em solid #888;
}

.markdown-alert>:first-child {
  margin-top: 0
}

.markdown-alert>:last-child {
  margin-bottom: 0
}

.markdown-alert .markdown-alert-title {
  display: flex;
  font-weight: 500;
  align-items: center;
  line-height: 1
}

.markdown-alert .markdown-alert-title .octicon {
  margin-right: 0.5rem;
  display: inline-block;
  overflow: visible !important;
  vertical-align: text-bottom;
  fill: currentColor;
}

.markdown-alert.markdown-alert-note {
  border-left-color: var(--color-note);
}

.markdown-alert.markdown-alert-note .markdown-alert-title {
  color: var(--color-note);
}

.markdown-alert.markdown-alert-important {
  border-left-color: var(--color-important);
}

.markdown-alert.markdown-alert-important .markdown-alert-title {
  color: var(--color-important);
}

.markdown-alert.markdown-alert-warning {
  border-left-color: var(--color-warning);
}

.markdown-alert.markdown-alert-warning .markdown-alert-title {
  color: var(--color-warning);
}

.markdown-alert.markdown-alert-tip {
  border-left-color: var(--color-tip);
}

.markdown-alert.markdown-alert-tip .markdown-alert-title {
  color: var(--color-tip);
}

.markdown-alert.markdown-alert-caution {
  border-left-color: var(--color-caution);
}

.markdown-alert.markdown-alert-caution .markdown-alert-title {
  color: var(--color-caution);
}

</style>
        
        </head>
        <body class="vscode-body vscode-light">
            <h1 id="try-the-deb-live-in-a-vm">Try the deb live in a VM</h1>
<h2 id="boot-with-the-debirf-live-image">Boot with the debirf-live image</h2>
<ul>
<li>Login with the default root:install account</li>
<li>Create the /data directory</li>
<li>Transfer the APOLLO_PLATFORM iso into /data</li>
<li>Run the ostree-production list-isos to identify the file</li>
</ul>
<pre><code class="language-shell">0 debirf-live:~# ostree-production list-isos
I: List of ISO files under &#x27;/data&#x27; (product_code=&#x27;&#x27; version=&#x27;&#x27;):
<span class="hljs-meta prompt_">	&gt; </span><span class="language-bash">APOLLO_PLATFORM-release-3.21.3.0-7+auto15.iso</span>
I: Cleanup
</code></pre>
<h2 id="apply-the-image-to-the-disk">Apply the image to the disk</h2>
<pre><code class="language-shell">1 debirf-live:~# ostree-production -D /dev/sda from  /data/APOLLO_PLATFORM-release-3.21.3.0-7+auto15.iso
I: ---------------------------------------------------------------------------
I: Directly using &#x27;/data/APOLLO_PLATFORM-release-3.21.3.0-7+auto15.iso&#x27;
I: ---------------------------------------------------------------------------
I: Handling product_code=APOLLO_PLATFORM version=3.21.3.0-7+auto15
Version: 3.21.3.0-7+auto15
I: Unexposing /tmp/APOLLO_PLATFORM-nsg-upgrade/iso-mounts/APOLLO_PLATFORM-3.21.3.0-7+auto15
I: Exposing ISO: 3.21.3.0-7+auto15 (from /data/APOLLO_PLATFORM-release-3.21.3.0-7+auto15.iso)
I: Exposed  ISO: 3.21.3.0-7+auto15 (under /tmp/APOLLO_PLATFORM-nsg-upgrade/iso-mounts/APOLLO_PLATFORM-3.21.3.0-7+auto15)
I: Production to device &#x27;/dev/sda&#x27;

STEP-1 ============================================================= Unmounting previous /mnt/passive

N: apollo-env(umount): skip -- already unmounted

STEP-2 ============================================================= Partitioning disk and create file-systems

I: --------------------------------------------------------- REMOVE_ALL
I: --------------------------------------------------------- WIPE PREVIOUS FILESYSTEM
I: --------------------------------------------------------- CREATE PARTITIONS (msdos)
Information: You may need to update /etc/fstab.

Information: You may need to update /etc/fstab.

Information: You may need to update /etc/fstab.

Information: You may need to update /etc/fstab.

Information: You may need to update /etc/fstab.

Information: You may need to update /etc/fstab.

I: --------------------------------------------------------- CREATE_ALL (LVM)
  Physical volume &quot;/dev/sda3&quot; successfully created.
  Volume group &quot;cos-slice-vg&quot; successfully created
  Logical volume &quot;root1&quot; created.
  Logical volume &quot;root2&quot; created.
  Logical volume &quot;common&quot; created.
  Logical volume &quot;confd&quot; created.
  Logical volume &quot;docker&quot; created.
I: --------------------------------------------------------- CREATE_ALL (FILE-SYSTEMS)
mkfs.fat 4.2 (2021-01-31)
mke2fs 1.46.2 (28-Feb-2021)
/dev/sda2 contains a ext3 file system labelled &#x27;GRUBPC&#x27;
	created on Tue Apr 23 20:31:14 2024
Creating filesystem with 488448 1k blocks and 122400 inodes
Filesystem UUID: e7c244c4-99c0-416c-9a20-cf90ab81281e
Superblock backups stored on blocks:
	8193, 24577, 40961, 57345, 73729, 204801, 221185, 401409

Allocating group tables: done
Writing inode tables: done
Creating journal (8192 blocks): done
Writing superblocks and filesystem accounting information: done

mke2fs 1.46.2 (28-Feb-2021)
Creating filesystem with 434176 4k blocks and 108640 inodes
Filesystem UUID: d4114381-5bb2-4289-b947-8d96a9ddadce
Superblock backups stored on blocks:
	32768, 98304, 163840, 229376, 294912

Allocating group tables: done
Writing inode tables: done
Creating journal (8192 blocks): done
Writing superblocks and filesystem accounting information: done

mke2fs 1.46.2 (28-Feb-2021)
Creating filesystem with 434176 4k blocks and 108640 inodes
Filesystem UUID: 1815dd30-6d1c-4633-b39d-6836a185263c
Superblock backups stored on blocks:
	32768, 98304, 163840, 229376, 294912

Allocating group tables: done
Writing inode tables: done
Creating journal (8192 blocks): done
Writing superblocks and filesystem accounting information: done

mke2fs 1.46.2 (28-Feb-2021)
Creating filesystem with 315392 1k blocks and 78936 inodes
Filesystem UUID: d88c0936-5617-4eb5-b91f-cacbf818c2e8
Superblock backups stored on blocks:
	8193, 24577, 40961, 57345, 73729, 204801, 221185

Allocating group tables: done
Writing inode tables: done
Creating journal (8192 blocks): done
Writing superblocks and filesystem accounting information: done

mke2fs 1.46.2 (28-Feb-2021)
Creating filesystem with 2416640 4k blocks and 605024 inodes
Filesystem UUID: fc81f783-53ef-4e41-b005-1d2c15999940
Superblock backups stored on blocks:
	32768, 98304, 163840, 229376, 294912, 819200, 884736, 1605632

Allocating group tables: done
Writing inode tables: done
Creating journal (16384 blocks): done
Writing superblocks and filesystem accounting information: done

mke2fs 1.46.2 (28-Feb-2021)
Creating filesystem with 585728 4k blocks and 146592 inodes
Filesystem UUID: fc97fc34-af12-4a41-97ed-73234d8c34da
Superblock backups stored on blocks:
	32768, 98304, 163840, 229376, 294912

Allocating group tables: done
Writing inode tables: done
Creating journal (16384 blocks): done
Writing superblocks and filesystem accounting information: done

I: --------------------------------------------------------- READY
  LV     VG           Attr       LSize   Pool Origin Data%  Meta%  Move Log Cpy%Sync Convert
  common cos-slice-vg -wi-a----- 308.00m
  confd  cos-slice-vg -wi-a-----   2.23g
  docker cos-slice-vg -wi-a-----  &lt;9.22g
  root1  cos-slice-vg -wi-a-----  &lt;1.66g
  root2  cos-slice-vg -wi-a-----  &lt;1.66g

STEP-3 ============================================================= ROOTFS1 -- Mounting

I: Found disks:
/dev/disk/by-id/ata-VMware_Virtual_IDE_CDROM_Drive_00000000000000000001
/dev/disk/by-id/dm-name-cos--slice--vg-common
/dev/disk/by-id/dm-name-cos--slice--vg-confd
/dev/disk/by-id/dm-name-cos--slice--vg-docker
/dev/disk/by-id/dm-name-cos--slice--vg-root1
/dev/disk/by-id/dm-name-cos--slice--vg-root2
/dev/disk/by-id/dm-uuid-LVM-bCUwiDLYkH0OVrcfQIJ1PJL0Bto46REC1ETLVkEz1XapkyV3VuYnWJpW2TWAd0nz
/dev/disk/by-id/dm-uuid-LVM-bCUwiDLYkH0OVrcfQIJ1PJL0Bto46REC5lT9ZpQAj5GBy7aLPc6uFcoUXewEk9qc
/dev/disk/by-id/dm-uuid-LVM-bCUwiDLYkH0OVrcfQIJ1PJL0Bto46RECNLILKPxBMPc0GVO3Ji2CwX4Hyi1rq5dp
/dev/disk/by-id/dm-uuid-LVM-bCUwiDLYkH0OVrcfQIJ1PJL0Bto46RECQ0d4p6FBF6YLJe2icAX1LfuRf9MZNiPo
/dev/disk/by-id/dm-uuid-LVM-bCUwiDLYkH0OVrcfQIJ1PJL0Bto46RECdg4bxGoOxoGmBVgeiK1NAzUKbtBTattn
/dev/disk/by-id/lvm-pv-uuid-A83I6e-23Ps-ayZv-ivXO-GSgl-rLPv-AQzgOT
E: No known /dev/disk/by-id

STEP-4 ============================================================= ROOTFS1 -- Syncing ISO contents

I: -------------------- Running pre upgrade scripts (/tmp/APOLLO_PLATFORM-nsg-upgrade/nsg-upgrade/root/usr/share/ostree-upgrade/run-scripts/pre.d)
I: -------------------- Finished pre upgrade scripts

I: -------------------- transfer begin --------------
I: Fetching &#x27;/tmp/APOLLO_PLATFORM-nsg-upgrade/iso-mounts/APOLLO_PLATFORM-3.21.3.0-7+auto15/rootfs/usr/share/product-defs/product.conf&#x27;
I: Project=&#x27;APOLLO_PLATFORM&#x27;
</code></pre>

            
            
        </body>
        </html>